[36mvite v7.2.2 [32mbuilding client environment for development...[36m[39m
transforming...
[32mΓ£ô[39m 37 modules transformed.
node.exe : 
[31mΓ£ù[39m Build 
failed in 334ms
At C:\Program Files\no
dejs\npx.ps1:29 char:3
+   & $NODE_EXE 
$NPX_CLI_JS $args
+   ~~~~~~~~~~~~~~~~~~
~~~~~~~~~~~
    + CategoryInfo    
          : NotSpeci  
  fied: ([31mΓ£ù[   
 39m Build failed     
in 334ms:String)     
[], RemoteExcepti    
on
    + FullyQualifiedE 
   rrorId : NativeCo  
  mmandError
 
[31merror during 
build:
[31m[vite:esbuild] 
Transform failed with 
3 errors:
E:/B2B 44/triponic-b2b
/client/src/pages/Part
nersLanding.jsx:732:18
: ERROR: Unexpected 
closing "div" tag 
does not match 
opening "section" tag
E:/B2B 44/triponic-b2b
/client/src/pages/Part
nersLanding.jsx:733:14
: ERROR: Unexpected 
closing "section" tag 
does not match 
opening "div" tag
E:/B2B 44/triponic-b2b
/client/src/pages/Part
nersLanding.jsx:735:12
: ERROR: Expected ")" 
but found "{"[31m
file: [36mE:/B2B 44/t
riponic-b2b/client/src
/pages/PartnersLanding
.jsx:732:18[31m
[33m
[33mUnexpected 
closing "div" tag 
does not match 
opening "section" 
tag[33m
730 |                 
         </div>
731 |                 
     </Reveal>
732 |                 
 </div>
    |                 
   ^
733 |              
</section>
734 |  

[33mUnexpected 
closing "section" tag 
does not match 
opening "div" tag[33m
731 |                 
     </Reveal>
732 |                 
 </div>
733 |              
</section>
    |                ^
734 |  
735 |              
{/* ΓòÉΓòÉΓòÉ 
TESTIMONIALS 
ΓòÉΓòÉΓòÉ */}

[33mExpected ")" but 
found "{"[33m
733 |              
</section>
734 |  
735 |              
{/* ΓòÉΓòÉΓòÉ 
TESTIMONIALS 
ΓòÉΓòÉΓòÉ */}
    |              ^
736 |              
<section 
id="testimonials" 
className="py-24 px-6 
lg:px-8 
bg-slate-900/30">
737 |                 
 <div 
className="max-w-7xl 
mx-auto">
[31m
    at 
failureErrorWithLog 
(E:\B2B 44\triponic-b2
b\client\node_modules\
esbuild\lib\main.js:14
67:15)
    at E:\B2B 44\tripo
nic-b2b\client\node_mo
dules\esbuild\lib\main
.js:736:50
    at responseCallbac
ks.<computed> (E:\B2B 
44\triponic-b2b\client
\node_modules\esbuild\
lib\main.js:603:9)
    at 
handleIncomingPacket 
(E:\B2B 44\triponic-b2
b\client\node_modules\
esbuild\lib\main.js:65
8:12)
    at 
Socket.readFromStdout 
(E:\B2B 44\triponic-b2
b\client\node_modules\
esbuild\lib\main.js:58
1:7)
    at Socket.emit 
(node:events:524:28)
    at addChunk (node:
internal/streams/reada
ble:561:12)
    at readableAddChun
kPushByteMode (node:in
ternal/streams/readabl
e:512:3)
    at Readable.push (
node:internal/streams/
readable:392:5)
    at 
Pipe.onStreamRead (nod
e:internal/stream_base
_commons:189:23)[39m
