
> server@1.0.0 test
> node --experimental-vm-modules node_modules/jest/bin/jest.js --transform {} tests/ai_features.test.js

  console.log
    Γ£à Gemini AI initialized (gemini-2.5-flash series ready)

      at src/config/gemini.js:26:9

  console.log
    [SUPABASE_CONFIG] Key Role: service_role

      at logToDebug (src/config/supabase.js:6:11)

  console.log
    [SUPABASE_CONFIG] Key ISS: supabase

      at logToDebug (src/config/supabase.js:6:11)

  console.log
    [Heuristic] Detected "Pending Trips" query.

      at detectIntent (src/controllers/aiController.js:38:13)

node.exe : 
(node:31772) 
ExperimentalWarning: 
VM Modules is an 
experimental feature 
and might change at 
any time
At C:\Program Files\no
dejs\npm.ps1:29 char:3
+   & $NODE_EXE 
$NPM_CLI_JS $args
+   ~~~~~~~~~~~~~~~~~~
~~~~~~~~~~~
    + CategoryInfo    
          : NotSpeci  
  fied: ((node:3177   
 2) Ex...nge at an    
y time:String) []    
, RemoteException
    + FullyQualifiedE 
   rrorId : NativeCo  
  mmandError
 
(Use `node 
--trace-warnings ...` 
to show where the 
warning was created)
FAIL tests/ai_features
.test.js
  AI Features
    detectIntent
      ├ù should 
detect booking intent 
from natural language 
(2 ms)
      ├ù should use 
heuristics for 
"Pending Trips" query 
(3 ms)
    
parseBookingScreenshot
      ├ù TC-01: Happy 
Path - Valid JSON 
Extraction (1 ms)
      ├ù TC-02: 
Fallback - Regex 
Extraction on 
unstructured text
      ΓêÜ TC-03: 
Error Handling - No 
Image (2 ms)
    
createDayWiseItinerary
      ├ù should 
generate a valid 
structure for 
day-wise plan
      ├ù should 
handle JSON parse 
errors gracefully

  ΓùÅ AI Features ΓÇ║ 
detectIntent ΓÇ║ 
should detect booking 
intent from natural 
language

    TypeError: mockMod
el.generateContent.moc
kResolvedValue is not 
a function

    [0m [90m 59 
|[39m                
 }
     [90m 60 |[39m  
           
}[33m;[39m
    [31m[1m>[22m[3
9m[90m 61 |[39m     
        mockModel[33m
.[39mgenerateContent
[33m.[39mmockResolved
Value(mockResponse)[3
3m;[39m
     [90m    |[39m  
                      
               
[31m[1m^[22m[39m
     [90m 62 |[39m
     [90m 63 |[39m  
           
[36mconst[39m 
result [33m=[39m 
[36mawait[39m detect
Intent([32m"Plan a 5 
day trip to Paris for 
John 
Doe"[39m)[33m;[39m
     [90m 64 
|[39m[0m

      at 
Object.<anonymous> (te
sts/ai_features.test.j
s:61:39)

  ΓùÅ AI Features ΓÇ║ 
detectIntent ΓÇ║ 
should use heuristics 
for "Pending Trips" 
query

    expect(received).n
ot.toHaveBeenCalled()

    Matcher error: 
received value must 
be a mock or spy 
function

    Received has 
type:  function
    Received has 
value: [Function 
generateContent]

    [0m [90m 74 
|[39m             exp
ect(result[33m.[39mi
ntent)[33m.[39mtoBe(
[32m'query'[39m)[33
m;[39m
     [90m 75 |[39m  
           expect(resu
lt[33m.[39mquery_det
ail)[33m.[39mtoBe([
32m'pending'[39m)[33
m;[39m
    [31m[1m>[22m[3
9m[90m 76 |[39m     
        expect(mockMod
el[33m.[39mgenerateC
ontent)[33m.[39mnot
[33m.[39mtoHaveBeenCa
lled()[33m;[39m
     [90m    |[39m  
                      
                      
     
[31m[1m^[22m[39m
     [90m 77 |[39m  
       })[33m;[39m
     [90m 78 |[39m  
   })[33m;[39m
     [90m 79 
|[39m[0m

      at 
Object.<anonymous> (te
sts/ai_features.test.j
s:76:51)

  ΓùÅ AI Features ΓÇ║ 
parseBookingScreenshot
 ΓÇ║ TC-01: Happy 
Path - Valid JSON 
Extraction

    TypeError: mockMod
el.generateContent.moc
kResolvedValue is not 
a function

    [0m [90m 113 
|[39m                
 }
     [90m 114 |[39m 
            
}[33m;[39m
    [31m[1m>[22m[3
9m[90m 115 |[39m    
         mockModel[33
m.[39mgenerateContent
[33m.[39mmockResolve
dValue(mockResponse)[
33m;[39m
     [90m     |[39m 
                      
                
[31m[1m^[22m[39m
     [90m 116 |[39m
     [90m 117 |[39m 
            
[36mawait[39m parseB
ookingScreenshot(mockR
eq[33m,[39m 
mockRes)[33m;[39m
     [90m 118 
|[39m[0m

      at 
Object.<anonymous> (te
sts/ai_features.test.j
s:115:39)

  ΓùÅ AI Features ΓÇ║ 
parseBookingScreenshot
 ΓÇ║ TC-02: Fallback 
- Regex Extraction on 
unstructured text

    TypeError: mockMod
el.generateContent.moc
kResolvedValue is not 
a function

    [0m [90m 132 
|[39m                
 }
     [90m 133 |[39m 
            
}[33m;[39m
    [31m[1m>[22m[3
9m[90m 134 |[39m    
         mockModel[33
m.[39mgenerateContent
[33m.[39mmockResolve
dValue(mockResponse)[
33m;[39m
     [90m     |[39m 
                      
                
[31m[1m^[22m[39m
     [90m 135 |[39m
     [90m 136 |[39m 
            
[36mawait[39m parseB
ookingScreenshot(mockR
eq[33m,[39m 
mockRes)[33m;[39m
     [90m 137 
|[39m[0m

      at 
Object.<anonymous> (te
sts/ai_features.test.j
s:134:39)

  ΓùÅ AI Features ΓÇ║ 
createDayWiseItinerary
 ΓÇ║ should generate 
a valid structure for 
day-wise plan

    TypeError: mockMod
el.generateContent.moc
kResolvedValue is not 
a function

    [0m [90m 182 
|[39m                
 }
     [90m 183 |[39m 
            
}[33m;[39m
    [31m[1m>[22m[3
9m[90m 184 |[39m    
         mockModel[33
m.[39mgenerateContent
[33m.[39mmockResolve
dValue(mockResponse)[
33m;[39m
     [90m     |[39m 
                      
                
[31m[1m^[22m[39m
     [90m 185 |[39m
     [90m 186 |[39m 
            
[36mconst[39m 
result [33m=[39m 
[36mawait[39m create
DayWiseItinerary({
     [90m 187 |[39m 
                destin
ation[33m:[39m [32m
"Tokyo"[39m[33m,[39
m[0m

      at 
Object.<anonymous> (te
sts/ai_features.test.j
s:184:39)

  ΓùÅ AI Features ΓÇ║ 
createDayWiseItinerary
 ΓÇ║ should handle 
JSON parse errors 
gracefully

    TypeError: mockMod
el.generateContent.moc
kResolvedValue is not 
a function

    [0m [90m 201 
|[39m                
 }
     [90m 202 |[39m 
            
}[33m;[39m
    [31m[1m>[22m[3
9m[90m 203 |[39m    
         mockModel[33
m.[39mgenerateContent
[33m.[39mmockResolve
dValue(mockResponse)[
33m;[39m
     [90m     |[39m 
                      
                
[31m[1m^[22m[39m
     [90m 204 |[39m
     [90m 205 |[39m 
            
[36mconst[39m 
result [33m=[39m 
[36mawait[39m create
DayWiseItinerary({
     [90m 206 |[39m 
                destin
ation[33m:[39m [32m
"Rome"[39m[33m,[39m
[0m

      at 
Object.<anonymous> (te
sts/ai_features.test.j
s:203:39)

Test Suites: 1 
failed, 1 total
Tests:       6 
failed, 1 passed, 7 
total
Snapshots:   0 total
Time:        0.428 s, 
estimated 1 s
Ran all test suites 
matching tests/ai_feat
ures.test.js.
